initial :67493 567 -67493 6493 933 0 679335 -56 67493 9388 774 432 3 493 123 
result :-67493 -56 0 3 123 432 493 567 774 933 6493 9388 67493 67493 679335 