Randomizations:

One output:
37
16
31
27
3
0
29
15
25
38