Initial array: 
1804289383 846930886 1681692777 1714636915 1957747793 424238335 719885386 1649760492 596516649 1189641421 
rotation of -10:
1804289383 846930886 1681692777 1714636915 1957747793 424238335 719885386 1649760492 596516649 1189641421 
rotation of -9:
1189641421 1804289383 846930886 1681692777 1714636915 1957747793 424238335 719885386 1649760492 596516649 
rotation of -8:
596516649 1189641421 1804289383 846930886 1681692777 1714636915 1957747793 424238335 719885386 1649760492 
rotation of -7:
1649760492 596516649 1189641421 1804289383 846930886 1681692777 1714636915 1957747793 424238335 719885386 
rotation of -6:
719885386 1649760492 596516649 1189641421 1804289383 846930886 1681692777 1714636915 1957747793 424238335 
rotation of -5:
424238335 719885386 1649760492 596516649 1189641421 1804289383 846930886 1681692777 1714636915 1957747793 
rotation of -4:
1957747793 424238335 719885386 1649760492 596516649 1189641421 1804289383 846930886 1681692777 1714636915 
rotation of -3:
1714636915 1957747793 424238335 719885386 1649760492 596516649 1189641421 1804289383 846930886 1681692777 
rotation of -2:
1681692777 1714636915 1957747793 424238335 719885386 1649760492 596516649 1189641421 1804289383 846930886 
rotation of -1:
846930886 1681692777 1714636915 1957747793 424238335 719885386 1649760492 596516649 1189641421 1804289383 
rotation of 0:
1804289383 846930886 1681692777 1714636915 1957747793 424238335 719885386 1649760492 596516649 1189641421 
rotation of 1:
1189641421 1804289383 846930886 1681692777 1714636915 1957747793 424238335 719885386 1649760492 596516649 
rotation of 2:
596516649 1189641421 1804289383 846930886 1681692777 1714636915 1957747793 424238335 719885386 1649760492 
rotation of 3:
1649760492 596516649 1189641421 1804289383 846930886 1681692777 1714636915 1957747793 424238335 719885386 
rotation of 4:
719885386 1649760492 596516649 1189641421 1804289383 846930886 1681692777 1714636915 1957747793 424238335 
rotation of 5:
424238335 719885386 1649760492 596516649 1189641421 1804289383 846930886 1681692777 1714636915 1957747793 
rotation of 6:
1957747793 424238335 719885386 1649760492 596516649 1189641421 1804289383 846930886 1681692777 1714636915 
rotation of 7:
1714636915 1957747793 424238335 719885386 1649760492 596516649 1189641421 1804289383 846930886 1681692777 
rotation of 8:
1681692777 1714636915 1957747793 424238335 719885386 1649760492 596516649 1189641421 1804289383 846930886 
rotation of 9:
846930886 1681692777 1714636915 1957747793 424238335 719885386 1649760492 596516649 1189641421 1804289383 
