Initial array: 
0 1 2 3 4 5 6 7 8 9 
rotation of -10:
0 1 2 3 4 5 6 7 8 9 
rotation of -9:
9 0 1 2 3 4 5 6 7 8 
rotation of -8:
8 9 0 1 2 3 4 5 6 7 
rotation of -7:
7 8 9 0 1 2 3 4 5 6 
rotation of -6:
6 7 8 9 0 1 2 3 4 5 
rotation of -5:
5 6 7 8 9 0 1 2 3 4 
rotation of -4:
4 5 6 7 8 9 0 1 2 3 
rotation of -3:
3 4 5 6 7 8 9 0 1 2 
rotation of -2:
2 3 4 5 6 7 8 9 0 1 
rotation of -1:
1 2 3 4 5 6 7 8 9 0 
rotation of 0:
0 1 2 3 4 5 6 7 8 9 
rotation of 1:
9 0 1 2 3 4 5 6 7 8 
rotation of 2:
8 9 0 1 2 3 4 5 6 7 
rotation of 3:
7 8 9 0 1 2 3 4 5 6 
rotation of 4:
6 7 8 9 0 1 2 3 4 5 
rotation of 5:
5 6 7 8 9 0 1 2 3 4 
rotation of 6:
4 5 6 7 8 9 0 1 2 3 
rotation of 7:
3 4 5 6 7 8 9 0 1 2 
rotation of 8:
2 3 4 5 6 7 8 9 0 1 
rotation of 9:
1 2 3 4 5 6 7 8 9 0 