Your collection is worth
 	3 dollars, 1 quarter, 0 dimes, 1 nickel, 0 pennies
  	