Handler allowed correct access
Checking negative index
Array index out of bounds (9, 17)