a: 0
b: 0
c: 0
c = a + b, c: 30
c = a - b, c: -10
c = a - 10, c: 0
