Handler allowed correct access
Checking greater than length index
Array index out of bounds (9, 17)