Handler allowed correct access
Checking negative index
RUNTIME ERROR: Array index out of bounds (9, 17)