list: 3 3 3 3 3 3 3 3
list: 2 3 3 3 3 3 3 3
list: 1 3 3 3 3 3 3 3
list: 0 3 3 3 3 3 3 3
list: 0 2 3 3 3 3 3 3
list: 0 1 3 3 3 3 3 3
list: 0 0 3 3 3 3 3 3
list: 0 0 2 3 3 3 3 3
list: 0 0 1 3 3 3 3 3
list: 0 0 0 3 3 3 3 3
list: 0 0 0 2 3 3 3 3
list: 0 0 0 1 3 3 3 3
list: 0 0 0 0 3 3 3 3
list: 0 0 0 0 2 3 3 3
list: 0 0 0 0 1 3 3 3
list: 0 0 0 0 0 3 3 3
list: 0 0 0 0 0 2 3 3
list: 0 0 0 0 0 1 3 3
list: 0 0 0 0 0 0 3 3
list: 0 0 0 0 0 0 2 3
list: 0 0 0 0 0 0 1 3
list: 0 0 0 0 0 0 0 3
list: 0 0 0 0 0 0 0 2
list: 0 0 0 0 0 0 0 1
list: 0 0 0 0 0 0 0 0
